2026-08-10 19:29:16,380 [Worker-3: Loading available Gradle versions] INFO  o.e.b.c.i.u.g.PublishedGradleVersions - Gradle version information cache is not available. Remote download required.
2026-08-10 19:31:53,460 [Worker-8: Launching mavenrun-f761e300-2e73-463c-9cce-790b8c16b3a4] INFO  o.eclipse.m2e.core.internal.Bundles - getClasspathEntries(Bundle=org.eclipse.m2e.maven.runtime_3.9.1600.20260522-0510 [306])
2026-08-10 19:31:53,462 [Worker-8: Launching mavenrun-f761e300-2e73-463c-9cce-790b8c16b3a4] INFO  o.eclipse.m2e.core.internal.Bundles - 	Entry: C:\Users\PC\.p2\pool\plugins\org.eclipse.m2e.maven.runtime_3.9.1600.20260522-0510
2026-08-10 19:31:53,462 [Worker-8: Launching mavenrun-f761e300-2e73-463c-9cce-790b8c16b3a4] INFO  o.eclipse.m2e.core.internal.Bundles - 	Entry: C:\Users\PC\.p2\pool\plugins\org.eclipse.m2e.maven.runtime_3.9.1600.20260522-0510\jars\aopalliance-1.0.jar
2026-08-10 19:31:53,463 [Worker-8: Launching mavenrun-f761e300-2e73-463c-9cce-790b8c16b3a4] INFO  o.eclipse.m2e.core.internal.Bundles - 	Entry: C:\Users\PC\.p2\pool\plugins\org.eclipse.m2e.maven.runtime_3.9.1600.20260522-0510\jars\asm-9.9.1.jar
2026-08-10 19:31:53,463 [Worker-8: Launching mavenrun-f761e300-2e73-463c-9cce-790b8c16b3a4] INFO  o.eclipse.m2e.core.internal.Bundles - 	Entry: C:\Users\PC\.p2\pool\plugins\org.eclipse.m2e.maven.runtime_3.9.1600.20260522-0510\jars\error_prone_annotations-2.41.0.jar
2026-08-10 19:31:53,463 [Worker-8: Launching mavenrun-f761e300-2e73-463c-9cce-790b8c16b3a4] INFO  o.eclipse.m2e.core.internal.Bundles - 	Entry: C:\Users\PC\.p2\pool\plugins\org.eclipse.m2e.maven.runtime_3.9.1600.20260522-0510\jars\gson-2.13.2.jar
2026-08-10 19:31:53,463 [Worker-8: Launching mavenrun-f761e300-2e73-463c-9cce-790b8c16b3a4] INFO  o.eclipse.m2e.core.internal.Bundles - 	Entry: C:\Users\PC\.p2\pool\plugins\org.eclipse.m2e.maven.runtime_3.9.1600.20260522-0510\jars\guice-5.1.0-classes.jar
2026-08-10 19:31:53,464 [Worker-8: Launching mavenrun-f761e300-2e73-463c-9cce-790b8c16b3a4] INFO  o.eclipse.m2e.core.internal.Bundles - 	Entry: C:\Users\PC\.p2\pool\plugins\org.eclipse.m2e.maven.runtime_3.9.1600.20260522-0510\jars\httpclient-4.5.14.jar
2026-08-10 19:31:53,464 [Worker-8: Launching mavenrun-f761e300-2e73-463c-9cce-790b8c16b3a4] INFO  o.eclipse.m2e.core.internal.Bundles - 	Entry: C:\Users\PC\.p2\pool\plugins\org.eclipse.m2e.maven.runtime_3.9.1600.20260522-0510\jars\httpcore-4.4.16.jar
2026-08-10 19:31:53,464 [Worker-8: Launching mavenrun-f761e300-2e73-463c-9cce-790b8c16b3a4] INFO  o.eclipse.m2e.core.internal.Bundles - 	Entry: C:\Users\PC\.p2\pool\plugins\org.eclipse.m2e.maven.runtime_3.9.1600.20260522-0510\jars\jansi-2.4.3.jar
2026-08-10 19:31:53,464 [Worker-8: Launching mavenrun-f761e300-2e73-463c-9cce-790b8c16b3a4] INFO  o.eclipse.m2e.core.internal.Bundles - 	Entry: C:\Users\PC\.p2\pool\plugins\org.eclipse.m2e.maven.runtime_3.9.1600.20260522-0510\jars\jcl-over-slf4j-1.7.36.jar
2026-08-10 19:31:53,464 [Worker-8: Launching mavenrun-f761e300-2e73-463c-9cce-790b8c16b3a4] INFO  o.eclipse.m2e.core.internal.Bundles - 	Entry: C:\Users\PC\.p2\pool\plugins\org.eclipse.m2e.maven.runtime_3.9.1600.20260522-0510\jars\maven-artifact-3.9.16.jar
2026-08-10 19:31:53,464 [Worker-8: Launching mavenrun-f761e300-2e73-463c-9cce-790b8c16b3a4] INFO  o.eclipse.m2e.core.internal.Bundles - 	Entry: C:\Users\PC\.p2\pool\plugins\org.eclipse.m2e.maven.runtime_3.9.1600.20260522-0510\jars\maven-builder-support-3.9.16.jar
2026-08-10 19:31:53,464 [Worker-8: Launching mavenrun-f761e300-2e73-463c-9cce-790b8c16b3a4] INFO  o.eclipse.m2e.core.internal.Bundles - 	Entry: C:\Users\PC\.p2\pool\plugins\org.eclipse.m2e.maven.runtime_3.9.1600.20260522-0510\jars\maven-compat-3.9.16.jar
2026-08-10 19:31:53,465 [Worker-8: Launching mavenrun-f761e300-2e73-463c-9cce-790b8c16b3a4] INFO  o.eclipse.m2e.core.internal.Bundles - 	Entry: C:\Users\PC\.p2\pool\plugins\org.eclipse.m2e.maven.runtime_3.9.1600.20260522-0510\jars\maven-core-3.9.16.jar
2026-08-10 19:31:53,465 [Worker-8: Launching mavenrun-f761e300-2e73-463c-9cce-790b8c16b3a4] INFO  o.eclipse.m2e.core.internal.Bundles - 	Entry: C:\Users\PC\.p2\pool\plugins\org.eclipse.m2e.maven.runtime_3.9.1600.20260522-0510\jars\maven-embedder-3.9.16.jar
2026-08-10 19:31:53,465 [Worker-8: Launching mavenrun-f761e300-2e73-463c-9cce-790b8c16b3a4] INFO  o.eclipse.m2e.core.internal.Bundles - 	Entry: C:\Users\PC\.p2\pool\plugins\org.eclipse.m2e.maven.runtime_3.9.1600.20260522-0510\jars\maven-model-3.9.16.jar
2026-08-10 19:31:53,465 [Worker-8: Launching mavenrun-f761e300-2e73-463c-9cce-790b8c16b3a4] INFO  o.eclipse.m2e.core.internal.Bundles - 	Entry: C:\Users\PC\.p2\pool\plugins\org.eclipse.m2e.maven.runtime_3.9.1600.20260522-0510\jars\maven-model-builder-3.9.16.jar
2026-08-10 19:31:53,465 [Worker-8: Launching mavenrun-f761e300-2e73-463c-9cce-790b8c16b3a4] INFO  o.eclipse.m2e.core.internal.Bundles - 	Entry: C:\Users\PC\.p2\pool\plugins\org.eclipse.m2e.maven.runtime_3.9.1600.20260522-0510\jars\maven-plugin-api-3.9.16.jar
2026-08-10 19:31:53,465 [Worker-8: Launching mavenrun-f761e300-2e73-463c-9cce-790b8c16b3a4] INFO  o.eclipse.m2e.core.internal.Bundles - 	Entry: C:\Users\PC\.p2\pool\plugins\org.eclipse.m2e.maven.runtime_3.9.1600.20260522-0510\jars\maven-repository-metadata-3.9.16.jar
2026-08-10 19:31:53,465 [Worker-8: Launching mavenrun-f761e300-2e73-463c-9cce-790b8c16b3a4] INFO  o.eclipse.m2e.core.internal.Bundles - 	Entry: C:\Users\PC\.p2\pool\plugins\org.eclipse.m2e.maven.runtime_3.9.1600.20260522-0510\jars\maven-resolver-api-1.9.27.jar
2026-08-10 19:31:53,466 [Worker-8: Launching mavenrun-f761e300-2e73-463c-9cce-790b8c16b3a4] INFO  o.eclipse.m2e.core.internal.Bundles - 	Entry: C:\Users\PC\.p2\pool\plugins\org.eclipse.m2e.maven.runtime_3.9.1600.20260522-0510\jars\maven-resolver-connector-basic-1.9.27.jar
2026-08-10 19:31:53,466 [Worker-8: Launching mavenrun-f761e300-2e73-463c-9cce-790b8c16b3a4] INFO  o.eclipse.m2e.core.internal.Bundles - 	Entry: C:\Users\PC\.p2\pool\plugins\org.eclipse.m2e.maven.runtime_3.9.1600.20260522-0510\jars\maven-resolver-impl-1.9.27.jar
2026-08-10 19:31:53,466 [Worker-8: Launching mavenrun-f761e300-2e73-463c-9cce-790b8c16b3a4] INFO  o.eclipse.m2e.core.internal.Bundles - 	Entry: C:\Users\PC\.p2\pool\plugins\org.eclipse.m2e.maven.runtime_3.9.1600.20260522-0510\jars\maven-resolver-named-locks-1.9.27.jar
2026-08-10 19:31:53,466 [Worker-8: Launching mavenrun-f761e300-2e73-463c-9cce-790b8c16b3a4] INFO  o.eclipse.m2e.core.internal.Bundles - 	Entry: C:\Users\PC\.p2\pool\plugins\org.eclipse.m2e.maven.runtime_3.9.1600.20260522-0510\jars\maven-resolver-provider-3.9.16.jar
2026-08-10 19:31:53,466 [Worker-8: Launching mavenrun-f761e300-2e73-463c-9cce-790b8c16b3a4] INFO  o.eclipse.m2e.core.internal.Bundles - 	Entry: C:\Users\PC\.p2\pool\plugins\org.eclipse.m2e.maven.runtime_3.9.1600.20260522-0510\jars\maven-resolver-spi-1.9.27.jar
2026-08-10 19:31:53,466 [Worker-8: Launching mavenrun-f761e300-2e73-463c-9cce-790b8c16b3a4] INFO  o.eclipse.m2e.core.internal.Bundles - 	Entry: C:\Users\PC\.p2\pool\plugins\org.eclipse.m2e.maven.runtime_3.9.1600.20260522-0510\jars\maven-resolver-transport-file-1.9.27.jar
2026-08-10 19:31:53,466 [Worker-8: Launching mavenrun-f761e300-2e73-463c-9cce-790b8c16b3a4] INFO  o.eclipse.m2e.core.internal.Bundles - 	Entry: C:\Users\PC\.p2\pool\plugins\org.eclipse.m2e.maven.runtime_3.9.1600.20260522-0510\jars\maven-resolver-transport-http-1.9.27.jar
2026-08-10 19:31:53,467 [Worker-8: Launching mavenrun-f761e300-2e73-463c-9cce-790b8c16b3a4] INFO  o.eclipse.m2e.core.internal.Bundles - 	Entry: C:\Users\PC\.p2\pool\plugins\org.eclipse.m2e.maven.runtime_3.9.1600.20260522-0510\jars\maven-resolver-transport-wagon-1.9.27.jar
2026-08-10 19:31:53,467 [Worker-8: Launching mavenrun-f761e300-2e73-463c-9cce-790b8c16b3a4] INFO  o.eclipse.m2e.core.internal.Bundles - 	Entry: C:\Users\PC\.p2\pool\plugins\org.eclipse.m2e.maven.runtime_3.9.1600.20260522-0510\jars\maven-resolver-util-1.9.27.jar
2026-08-10 19:31:53,467 [Worker-8: Launching mavenrun-f761e300-2e73-463c-9cce-790b8c16b3a4] INFO  o.eclipse.m2e.core.internal.Bundles - 	Entry: C:\Users\PC\.p2\pool\plugins\org.eclipse.m2e.maven.runtime_3.9.1600.20260522-0510\jars\maven-settings-3.9.16.jar
2026-08-10 19:31:53,467 [Worker-8: Launching mavenrun-f761e300-2e73-463c-9cce-790b8c16b3a4] INFO  o.eclipse.m2e.core.internal.Bundles - 	Entry: C:\Users\PC\.p2\pool\plugins\org.eclipse.m2e.maven.runtime_3.9.1600.20260522-0510\jars\maven-settings-builder-3.9.16.jar
2026-08-10 19:31:53,467 [Worker-8: Launching mavenrun-f761e300-2e73-463c-9cce-790b8c16b3a4] INFO  o.eclipse.m2e.core.internal.Bundles - 	Entry: C:\Users\PC\.p2\pool\plugins\org.eclipse.m2e.maven.runtime_3.9.1600.20260522-0510\jars\maven-shared-utils-3.4.2.jar
2026-08-10 19:31:53,467 [Worker-8: Launching mavenrun-f761e300-2e73-463c-9cce-790b8c16b3a4] INFO  o.eclipse.m2e.core.internal.Bundles - 	Entry: C:\Users\PC\.p2\pool\plugins\org.eclipse.m2e.maven.runtime_3.9.1600.20260522-0510\jars\org.eclipse.sisu.inject-1.0.0.jar
2026-08-10 19:31:53,468 [Worker-8: Launching mavenrun-f761e300-2e73-463c-9cce-790b8c16b3a4] INFO  o.eclipse.m2e.core.internal.Bundles - 	Entry: C:\Users\PC\.p2\pool\plugins\org.eclipse.m2e.maven.runtime_3.9.1600.20260522-0510\jars\org.eclipse.sisu.plexus-1.0.0.jar
2026-08-10 19:31:53,468 [Worker-8: Launching mavenrun-f761e300-2e73-463c-9cce-790b8c16b3a4] INFO  o.eclipse.m2e.core.internal.Bundles - 	Entry: C:\Users\PC\.p2\pool\plugins\org.eclipse.m2e.maven.runtime_3.9.1600.20260522-0510\jars\plexus-build-api-0.0.7.jar
2026-08-10 19:31:53,468 [Worker-8: Launching mavenrun-f761e300-2e73-463c-9cce-790b8c16b3a4] INFO  o.eclipse.m2e.core.internal.Bundles - 	Entry: C:\Users\PC\.p2\pool\plugins\org.eclipse.m2e.maven.runtime_3.9.1600.20260522-0510\jars\plexus-build-api-1.2.0.jar
2026-08-10 19:31:53,468 [Worker-8: Launching mavenrun-f761e300-2e73-463c-9cce-790b8c16b3a4] INFO  o.eclipse.m2e.core.internal.Bundles - 	Entry: C:\Users\PC\.p2\pool\plugins\org.eclipse.m2e.maven.runtime_3.9.1600.20260522-0510\jars\plexus-cipher-2.0.jar
2026-08-10 19:31:53,468 [Worker-8: Launching mavenrun-f761e300-2e73-463c-9cce-790b8c16b3a4] INFO  o.eclipse.m2e.core.internal.Bundles - 	Entry: C:\Users\PC\.p2\pool\plugins\org.eclipse.m2e.maven.runtime_3.9.1600.20260522-0510\jars\plexus-classworlds-2.11.0.jar
2026-08-10 19:31:53,468 [Worker-8: Launching mavenrun-f761e300-2e73-463c-9cce-790b8c16b3a4] INFO  o.eclipse.m2e.core.internal.Bundles - 	Entry: C:\Users\PC\.p2\pool\plugins\org.eclipse.m2e.maven.runtime_3.9.1600.20260522-0510\jars\plexus-component-annotations-2.2.0.jar
2026-08-10 19:31:53,469 [Worker-8: Launching mavenrun-f761e300-2e73-463c-9cce-790b8c16b3a4] INFO  o.eclipse.m2e.core.internal.Bundles - 	Entry: C:\Users\PC\.p2\pool\plugins\org.eclipse.m2e.maven.runtime_3.9.1600.20260522-0510\jars\plexus-interpolation-1.29.jar
2026-08-10 19:31:53,469 [Worker-8: Launching mavenrun-f761e300-2e73-463c-9cce-790b8c16b3a4] INFO  o.eclipse.m2e.core.internal.Bundles - 	Entry: C:\Users\PC\.p2\pool\plugins\org.eclipse.m2e.maven.runtime_3.9.1600.20260522-0510\jars\plexus-sec-dispatcher-2.0.jar
2026-08-10 19:31:53,469 [Worker-8: Launching mavenrun-f761e300-2e73-463c-9cce-790b8c16b3a4] INFO  o.eclipse.m2e.core.internal.Bundles - 	Entry: C:\Users\PC\.p2\pool\plugins\org.eclipse.m2e.maven.runtime_3.9.1600.20260522-0510\jars\plexus-utils-3.6.1.jar
2026-08-10 19:31:53,469 [Worker-8: Launching mavenrun-f761e300-2e73-463c-9cce-790b8c16b3a4] INFO  o.eclipse.m2e.core.internal.Bundles - 	Entry: C:\Users\PC\.p2\pool\plugins\org.eclipse.m2e.maven.runtime_3.9.1600.20260522-0510\jars\wagon-file-3.5.3.jar
2026-08-10 19:31:53,469 [Worker-8: Launching mavenrun-f761e300-2e73-463c-9cce-790b8c16b3a4] INFO  o.eclipse.m2e.core.internal.Bundles - 	Entry: C:\Users\PC\.p2\pool\plugins\org.eclipse.m2e.maven.runtime_3.9.1600.20260522-0510\jars\wagon-http-3.5.3.jar
2026-08-10 19:31:53,469 [Worker-8: Launching mavenrun-f761e300-2e73-463c-9cce-790b8c16b3a4] INFO  o.eclipse.m2e.core.internal.Bundles - 	Entry: C:\Users\PC\.p2\pool\plugins\org.eclipse.m2e.maven.runtime_3.9.1600.20260522-0510\jars\wagon-http-shared-3.5.3.jar
2026-08-10 19:31:53,469 [Worker-8: Launching mavenrun-f761e300-2e73-463c-9cce-790b8c16b3a4] INFO  o.eclipse.m2e.core.internal.Bundles - 	Entry: C:\Users\PC\.p2\pool\plugins\org.eclipse.m2e.maven.runtime_3.9.1600.20260522-0510\jars\wagon-provider-api-3.5.3.jar
2026-08-10 19:31:53,472 [Worker-8: Launching mavenrun-f761e300-2e73-463c-9cce-790b8c16b3a4] INFO  o.eclipse.m2e.core.internal.Bundles - getClasspathEntries(Bundle=com.google.guava_33.6.0.jre [13])
2026-08-10 19:31:53,472 [Worker-8: Launching mavenrun-f761e300-2e73-463c-9cce-790b8c16b3a4] INFO  o.eclipse.m2e.core.internal.Bundles - 	Entry: C:\Users\PC\.p2\pool\plugins\com.google.guava_33.6.0.jre.jar
2026-08-10 19:31:53,472 [Worker-8: Launching mavenrun-f761e300-2e73-463c-9cce-790b8c16b3a4] INFO  o.eclipse.m2e.core.internal.Bundles - getClasspathEntries(Bundle=slf4j.api_2.0.18 [530])
2026-08-10 19:31:53,473 [Worker-8: Launching mavenrun-f761e300-2e73-463c-9cce-790b8c16b3a4] INFO  o.eclipse.m2e.core.internal.Bundles - 	Entry: C:\Users\PC\.p2\pool\plugins\slf4j.api_2.0.18.jar
2026-08-10 19:31:53,473 [Worker-8: Launching mavenrun-f761e300-2e73-463c-9cce-790b8c16b3a4] INFO  o.eclipse.m2e.core.internal.Bundles - getClasspathEntries(Bundle=jakarta.inject.jakarta.inject-api_1.0.5 [24])
2026-08-10 19:31:53,473 [Worker-8: Launching mavenrun-f761e300-2e73-463c-9cce-790b8c16b3a4] INFO  o.eclipse.m2e.core.internal.Bundles - 	Entry: C:\Users\PC\.p2\pool\plugins\jakarta.inject.jakarta.inject-api_1.0.5.jar
2026-08-10 19:31:53,473 [Worker-8: Launching mavenrun-f761e300-2e73-463c-9cce-790b8c16b3a4] INFO  o.eclipse.m2e.core.internal.Bundles - getClasspathEntries(Bundle=jakarta.annotation-api_1.3.5 [22])
2026-08-10 19:31:53,473 [Worker-8: Launching mavenrun-f761e300-2e73-463c-9cce-790b8c16b3a4] INFO  o.eclipse.m2e.core.internal.Bundles - 	Entry: C:\Users\PC\.p2\pool\plugins\jakarta.annotation-api_1.3.5.jar
2026-08-10 19:31:53,474 [Worker-8: Launching mavenrun-f761e300-2e73-463c-9cce-790b8c16b3a4] INFO  o.eclipse.m2e.core.internal.Bundles - getClasspathEntries(Bundle=org.apache.commons.cli_1.11.0 [55])
2026-08-10 19:31:53,474 [Worker-8: Launching mavenrun-f761e300-2e73-463c-9cce-790b8c16b3a4] INFO  o.eclipse.m2e.core.internal.Bundles - 	Entry: C:\Users\PC\.p2\pool\plugins\org.apache.commons.cli_1.11.0.jar
2026-08-10 19:31:53,474 [Worker-8: Launching mavenrun-f761e300-2e73-463c-9cce-790b8c16b3a4] INFO  o.eclipse.m2e.core.internal.Bundles - getClasspathEntries(Bundle=org.apache.commons.commons-codec_1.22.0 [56])
2026-08-10 19:31:53,474 [Worker-8: Launching mavenrun-f761e300-2e73-463c-9cce-790b8c16b3a4] INFO  o.eclipse.m2e.core.internal.Bundles - 	Entry: C:\Users\PC\.p2\pool\plugins\org.apache.commons.commons-codec_1.22.0.jar
2026-08-10 19:31:53,474 [Worker-8: Launching mavenrun-f761e300-2e73-463c-9cce-790b8c16b3a4] INFO  o.eclipse.m2e.core.internal.Bundles - getClasspathEntries(Bundle=com.google.guava.failureaccess_1.0.3 [14])
2026-08-10 19:31:53,474 [Worker-8: Launching mavenrun-f761e300-2e73-463c-9cce-790b8c16b3a4] INFO  o.eclipse.m2e.core.internal.Bundles - 	Entry: C:\Users\PC\.p2\pool\plugins\com.google.guava.failureaccess_1.0.3.jar
2026-08-10 19:31:53,478 [Worker-8: Launching mavenrun-f761e300-2e73-463c-9cce-790b8c16b3a4] INFO  o.e.m.i.launch.MavenLaunchDelegate - Run build in "C:\Users\PC\AppData\Local\Temp\m2e-archetypeGenerator8350625371665085038":
2026-08-10 19:31:53,482 [Worker-8: Launching mavenrun-f761e300-2e73-463c-9cce-790b8c16b3a4] INFO  o.e.m.i.launch.MavenLaunchDelegate -  mvn  -DjavaCompilerVersion=17 -DjunitVersion=5.11.0 -DarchetypeGroupId=org.apache.maven.archetypes -DarchetypeArtifactId=maven-archetype-quickstart -DarchetypeVersion=1.5 -DgroupId=com.example -DartifactId=lab6_1 -Dversion=0.0.1-SNAPSHOT -Dpackage=com.example.lab6_1 -DoutputDirectory=G:\SQA_lab6 -Dstyle.color=always -U archetype:generate
2026-08-10 19:32:01,313 [Worker-16: Creating maven-archetype-quickstart] INFO  o.e.m.c.i.p.ProjectConfigurationManager - Collecting project info '/pom.xml' G:\SQA_lab6\lab6_1\pom.xml
2026-08-10 19:32:04,058 [Worker-16: Creating maven-archetype-quickstart] INFO  o.e.m.c.i.l.LifecycleMappingFactory - Using org.eclipse.m2e.jdt.JarLifecycleMapping lifecycle mapping for MavenProject: com.example:lab6_1:0.0.1-SNAPSHOT @ G:\SQA_lab6\lab6_1\pom.xml.
2026-08-10 19:32:06,080 [Worker-16: Creating maven-archetype-quickstart] INFO  o.e.m.j.i.AbstractJavaProjectConfigurator - Adding source folder /lab6_1/src/main/java
2026-08-10 19:32:06,082 [Worker-16: Creating maven-archetype-quickstart] INFO  o.e.m.j.i.AbstractJavaProjectConfigurator - Adding resource folder /lab6_1/src/main/resources
2026-08-10 19:32:06,090 [Worker-16: Creating maven-archetype-quickstart] INFO  o.e.m.j.i.AbstractJavaProjectConfigurator - Adding source folder /lab6_1/src/test/java
2026-08-10 19:32:06,092 [Worker-16: Creating maven-archetype-quickstart] INFO  o.e.m.j.i.AbstractJavaProjectConfigurator - Adding resource folder /lab6_1/src/test/resources
2026-08-10 19:32:06,719 [Worker-16: Creating maven-archetype-quickstart] WARN  o.apache.maven.project.MavenProject - Plugin is modifying compileSourceRoots through clear(), which will not work in Maven 4.0.0. Use MavenProject.addCompileSourceRoot()/removeCompileSourceRoot() methods instead. If using a plugin, please upgrade to the latest version or report the issue to the plugin maintainer. To disable these warnings, set -Dmaven.project.sourceRoots.warningsDisabled=true on the command line, in the .mvn/maven.config file, or in project POM properties.
2026-08-10 19:32:06,720 [Worker-16: Creating maven-archetype-quickstart] WARN  o.apache.maven.project.MavenProject - Plugin is modifying compileSourceRoots through add(), which will not work in Maven 4.0.0. Use MavenProject.addCompileSourceRoot()/removeCompileSourceRoot() methods instead. If using a plugin, please upgrade to the latest version or report the issue to the plugin maintainer. To disable these warnings, set -Dmaven.project.sourceRoots.warningsDisabled=true on the command line, in the .mvn/maven.config file, or in project POM properties.
2026-08-10 19:32:06,720 [Worker-16: Creating maven-archetype-quickstart] WARN  o.apache.maven.project.MavenProject - Plugin is modifying testCompileSourceRoots through clear(), which will not work in Maven 4.0.0. Use MavenProject.addTestCompileSourceRoot()/removeTestCompileSourceRoot() methods instead. If using a plugin, please upgrade to the latest version or report the issue to the plugin maintainer. To disable these warnings, set -Dmaven.project.sourceRoots.warningsDisabled=true on the command line, in the .mvn/maven.config file, or in project POM properties.
2026-08-10 19:32:06,720 [Worker-16: Creating maven-archetype-quickstart] WARN  o.apache.maven.project.MavenProject - Plugin is modifying testCompileSourceRoots through add(), which will not work in Maven 4.0.0. Use MavenProject.addTestCompileSourceRoot()/removeTestCompileSourceRoot() methods instead. If using a plugin, please upgrade to the latest version or report the issue to the plugin maintainer. To disable these warnings, set -Dmaven.project.sourceRoots.warningsDisabled=true on the command line, in the .mvn/maven.config file, or in project POM properties.
2026-08-10 19:32:06,736 [Worker-16: Creating maven-archetype-quickstart] INFO  o.e.m.c.i.p.ProjectConfigurationManager - Imported and configured 1 project(s) in 5 sec
2026-08-10 19:32:06,823 [Worker-12: Updating Maven Project] INFO  o.e.m.c.i.p.ProjectConfigurationManager - Update started
2026-08-10 19:32:06,895 [Worker-12: Updating Maven Project] INFO  o.e.m.c.i.l.LifecycleMappingFactory - Using org.eclipse.m2e.jdt.JarLifecycleMapping lifecycle mapping for MavenProject: com.example:lab6_1:0.0.1-SNAPSHOT @ G:\SQA_lab6\lab6_1\pom.xml.
2026-08-10 19:32:06,964 [Worker-12: Updating Maven Project] INFO  o.e.m.j.i.AbstractJavaProjectConfigurator - Adding source folder /lab6_1/src/main/java
2026-08-10 19:32:06,965 [Worker-12: Updating Maven Project] INFO  o.e.m.j.i.AbstractJavaProjectConfigurator - Adding resource folder /lab6_1/src/main/resources
2026-08-10 19:32:06,966 [Worker-12: Updating Maven Project] INFO  o.e.m.j.i.AbstractJavaProjectConfigurator - Adding source folder /lab6_1/src/test/java
2026-08-10 19:32:06,967 [Worker-12: Updating Maven Project] INFO  o.e.m.j.i.AbstractJavaProjectConfigurator - Adding resource folder /lab6_1/src/test/resources
2026-08-10 19:32:06,990 [Worker-12: Updating Maven Project] WARN  o.apache.maven.project.MavenProject - Plugin is modifying compileSourceRoots through clear(), which will not work in Maven 4.0.0. Use MavenProject.addCompileSourceRoot()/removeCompileSourceRoot() methods instead. If using a plugin, please upgrade to the latest version or report the issue to the plugin maintainer. To disable these warnings, set -Dmaven.project.sourceRoots.warningsDisabled=true on the command line, in the .mvn/maven.config file, or in project POM properties.
2026-08-10 19:32:06,990 [Worker-12: Updating Maven Project] WARN  o.apache.maven.project.MavenProject - Plugin is modifying compileSourceRoots through add(), which will not work in Maven 4.0.0. Use MavenProject.addCompileSourceRoot()/removeCompileSourceRoot() methods instead. If using a plugin, please upgrade to the latest version or report the issue to the plugin maintainer. To disable these warnings, set -Dmaven.project.sourceRoots.warningsDisabled=true on the command line, in the .mvn/maven.config file, or in project POM properties.
2026-08-10 19:32:06,990 [Worker-12: Updating Maven Project] WARN  o.apache.maven.project.MavenProject - Plugin is modifying testCompileSourceRoots through clear(), which will not work in Maven 4.0.0. Use MavenProject.addTestCompileSourceRoot()/removeTestCompileSourceRoot() methods instead. If using a plugin, please upgrade to the latest version or report the issue to the plugin maintainer. To disable these warnings, set -Dmaven.project.sourceRoots.warningsDisabled=true on the command line, in the .mvn/maven.config file, or in project POM properties.
2026-08-10 19:32:06,992 [Worker-12: Updating Maven Project] WARN  o.apache.maven.project.MavenProject - Plugin is modifying testCompileSourceRoots through add(), which will not work in Maven 4.0.0. Use MavenProject.addTestCompileSourceRoot()/removeTestCompileSourceRoot() methods instead. If using a plugin, please upgrade to the latest version or report the issue to the plugin maintainer. To disable these warnings, set -Dmaven.project.sourceRoots.warningsDisabled=true on the command line, in the .mvn/maven.config file, or in project POM properties.
2026-08-10 19:32:07,127 [Worker-12: Updating Maven Project] INFO  o.e.m.c.i.p.ProjectConfigurationManager - Update completed for 1 poms: local refresh takes 0.00 sec, refresh facades takes 0.00 sec, update config takes 0.00 sec 
2026-08-10 19:32:07,741 [Worker-1: Building] INFO  o.a.m.s.f.DefaultMavenResourcesFiltering - skip non existing resourceDirectory G:\SQA_lab6\lab6_1\src\main\resources
2026-08-10 19:32:07,747 [Worker-1: Building] INFO  o.a.m.s.f.DefaultMavenResourcesFiltering - skip non existing resourceDirectory G:\SQA_lab6\lab6_1\src\test\resources
2026-08-10 19:32:08,036 [Worker-1: Building] WARN  o.apache.maven.project.MavenProject - Plugin is modifying compileSourceRoots through clear(), which will not work in Maven 4.0.0. Use MavenProject.addCompileSourceRoot()/removeCompileSourceRoot() methods instead. If using a plugin, please upgrade to the latest version or report the issue to the plugin maintainer. To disable these warnings, set -Dmaven.project.sourceRoots.warningsDisabled=true on the command line, in the .mvn/maven.config file, or in project POM properties.
2026-08-10 19:32:08,037 [Worker-1: Building] WARN  o.apache.maven.project.MavenProject - Plugin is modifying compileSourceRoots through add(), which will not work in Maven 4.0.0. Use MavenProject.addCompileSourceRoot()/removeCompileSourceRoot() methods instead. If using a plugin, please upgrade to the latest version or report the issue to the plugin maintainer. To disable these warnings, set -Dmaven.project.sourceRoots.warningsDisabled=true on the command line, in the .mvn/maven.config file, or in project POM properties.
2026-08-10 19:32:08,037 [Worker-1: Building] WARN  o.apache.maven.project.MavenProject - Plugin is modifying testCompileSourceRoots through clear(), which will not work in Maven 4.0.0. Use MavenProject.addTestCompileSourceRoot()/removeTestCompileSourceRoot() methods instead. If using a plugin, please upgrade to the latest version or report the issue to the plugin maintainer. To disable these warnings, set -Dmaven.project.sourceRoots.warningsDisabled=true on the command line, in the .mvn/maven.config file, or in project POM properties.
2026-08-10 19:32:08,037 [Worker-1: Building] WARN  o.apache.maven.project.MavenProject - Plugin is modifying testCompileSourceRoots through add(), which will not work in Maven 4.0.0. Use MavenProject.addTestCompileSourceRoot()/removeTestCompileSourceRoot() methods instead. If using a plugin, please upgrade to the latest version or report the issue to the plugin maintainer. To disable these warnings, set -Dmaven.project.sourceRoots.warningsDisabled=true on the command line, in the .mvn/maven.config file, or in project POM properties.
2026-08-10 19:32:32,918 [Worker-23: Launching mavenrun-af14209f-facb-4346-855f-943851d3cfa4] INFO  o.eclipse.m2e.core.internal.Bundles - getClasspathEntries(Bundle=org.eclipse.m2e.maven.runtime_3.9.1600.20260522-0510 [306])
2026-08-10 19:32:32,919 [Worker-23: Launching mavenrun-af14209f-facb-4346-855f-943851d3cfa4] INFO  o.eclipse.m2e.core.internal.Bundles - 	Entry: C:\Users\PC\.p2\pool\plugins\org.eclipse.m2e.maven.runtime_3.9.1600.20260522-0510
2026-08-10 19:32:32,919 [Worker-23: Launching mavenrun-af14209f-facb-4346-855f-943851d3cfa4] INFO  o.eclipse.m2e.core.internal.Bundles - 	Entry: C:\Users\PC\.p2\pool\plugins\org.eclipse.m2e.maven.runtime_3.9.1600.20260522-0510\jars\aopalliance-1.0.jar
2026-08-10 19:32:32,920 [Worker-23: Launching mavenrun-af14209f-facb-4346-855f-943851d3cfa4] INFO  o.eclipse.m2e.core.internal.Bundles - 	Entry: C:\Users\PC\.p2\pool\plugins\org.eclipse.m2e.maven.runtime_3.9.1600.20260522-0510\jars\asm-9.9.1.jar
2026-08-10 19:32:32,920 [Worker-23: Launching mavenrun-af14209f-facb-4346-855f-943851d3cfa4] INFO  o.eclipse.m2e.core.internal.Bundles - 	Entry: C:\Users\PC\.p2\pool\plugins\org.eclipse.m2e.maven.runtime_3.9.1600.20260522-0510\jars\error_prone_annotations-2.41.0.jar
2026-08-10 19:32:32,920 [Worker-23: Launching mavenrun-af14209f-facb-4346-855f-943851d3cfa4] INFO  o.eclipse.m2e.core.internal.Bundles - 	Entry: C:\Users\PC\.p2\pool\plugins\org.eclipse.m2e.maven.runtime_3.9.1600.20260522-0510\jars\gson-2.13.2.jar
2026-08-10 19:32:32,920 [Worker-23: Launching mavenrun-af14209f-facb-4346-855f-943851d3cfa4] INFO  o.eclipse.m2e.core.internal.Bundles - 	Entry: C:\Users\PC\.p2\pool\plugins\org.eclipse.m2e.maven.runtime_3.9.1600.20260522-0510\jars\guice-5.1.0-classes.jar
2026-08-10 19:32:32,920 [Worker-23: Launching mavenrun-af14209f-facb-4346-855f-943851d3cfa4] INFO  o.eclipse.m2e.core.internal.Bundles - 	Entry: C:\Users\PC\.p2\pool\plugins\org.eclipse.m2e.maven.runtime_3.9.1600.20260522-0510\jars\httpclient-4.5.14.jar
2026-08-10 19:32:32,920 [Worker-23: Launching mavenrun-af14209f-facb-4346-855f-943851d3cfa4] INFO  o.eclipse.m2e.core.internal.Bundles - 	Entry: C:\Users\PC\.p2\pool\plugins\org.eclipse.m2e.maven.runtime_3.9.1600.20260522-0510\jars\httpcore-4.4.16.jar
2026-08-10 19:32:32,920 [Worker-23: Launching mavenrun-af14209f-facb-4346-855f-943851d3cfa4] INFO  o.eclipse.m2e.core.internal.Bundles - 	Entry: C:\Users\PC\.p2\pool\plugins\org.eclipse.m2e.maven.runtime_3.9.1600.20260522-0510\jars\jansi-2.4.3.jar
2026-08-10 19:32:32,920 [Worker-23: Launching mavenrun-af14209f-facb-4346-855f-943851d3cfa4] INFO  o.eclipse.m2e.core.internal.Bundles - 	Entry: C:\Users\PC\.p2\pool\plugins\org.eclipse.m2e.maven.runtime_3.9.1600.20260522-0510\jars\jcl-over-slf4j-1.7.36.jar
2026-08-10 19:32:32,920 [Worker-23: Launching mavenrun-af14209f-facb-4346-855f-943851d3cfa4] INFO  o.eclipse.m2e.core.internal.Bundles - 	Entry: C:\Users\PC\.p2\pool\plugins\org.eclipse.m2e.maven.runtime_3.9.1600.20260522-0510\jars\maven-artifact-3.9.16.jar
2026-08-10 19:32:32,920 [Worker-23: Launching mavenrun-af14209f-facb-4346-855f-943851d3cfa4] INFO  o.eclipse.m2e.core.internal.Bundles - 	Entry: C:\Users\PC\.p2\pool\plugins\org.eclipse.m2e.maven.runtime_3.9.1600.20260522-0510\jars\maven-builder-support-3.9.16.jar
2026-08-10 19:32:32,921 [Worker-23: Launching mavenrun-af14209f-facb-4346-855f-943851d3cfa4] INFO  o.eclipse.m2e.core.internal.Bundles - 	Entry: C:\Users\PC\.p2\pool\plugins\org.eclipse.m2e.maven.runtime_3.9.1600.20260522-0510\jars\maven-compat-3.9.16.jar
2026-08-10 19:32:32,921 [Worker-23: Launching mavenrun-af14209f-facb-4346-855f-943851d3cfa4] INFO  o.eclipse.m2e.core.internal.Bundles - 	Entry: C:\Users\PC\.p2\pool\plugins\org.eclipse.m2e.maven.runtime_3.9.1600.20260522-0510\jars\maven-core-3.9.16.jar
2026-08-10 19:32:32,921 [Worker-23: Launching mavenrun-af14209f-facb-4346-855f-943851d3cfa4] INFO  o.eclipse.m2e.core.internal.Bundles - 	Entry: C:\Users\PC\.p2\pool\plugins\org.eclipse.m2e.maven.runtime_3.9.1600.20260522-0510\jars\maven-embedder-3.9.16.jar
2026-08-10 19:32:32,921 [Worker-23: Launching mavenrun-af14209f-facb-4346-855f-943851d3cfa4] INFO  o.eclipse.m2e.core.internal.Bundles - 	Entry: C:\Users\PC\.p2\pool\plugins\org.eclipse.m2e.maven.runtime_3.9.1600.20260522-0510\jars\maven-model-3.9.16.jar
2026-08-10 19:32:32,922 [Worker-23: Launching mavenrun-af14209f-facb-4346-855f-943851d3cfa4] INFO  o.eclipse.m2e.core.internal.Bundles - 	Entry: C:\Users\PC\.p2\pool\plugins\org.eclipse.m2e.maven.runtime_3.9.1600.20260522-0510\jars\maven-model-builder-3.9.16.jar
2026-08-10 19:32:32,922 [Worker-23: Launching mavenrun-af14209f-facb-4346-855f-943851d3cfa4] INFO  o.eclipse.m2e.core.internal.Bundles - 	Entry: C:\Users\PC\.p2\pool\plugins\org.eclipse.m2e.maven.runtime_3.9.1600.20260522-0510\jars\maven-plugin-api-3.9.16.jar
2026-08-10 19:32:32,922 [Worker-23: Launching mavenrun-af14209f-facb-4346-855f-943851d3cfa4] INFO  o.eclipse.m2e.core.internal.Bundles - 	Entry: C:\Users\PC\.p2\pool\plugins\org.eclipse.m2e.maven.runtime_3.9.1600.20260522-0510\jars\maven-repository-metadata-3.9.16.jar
2026-08-10 19:32:32,922 [Worker-23: Launching mavenrun-af14209f-facb-4346-855f-943851d3cfa4] INFO  o.eclipse.m2e.core.internal.Bundles - 	Entry: C:\Users\PC\.p2\pool\plugins\org.eclipse.m2e.maven.runtime_3.9.1600.20260522-0510\jars\maven-resolver-api-1.9.27.jar
2026-08-10 19:32:32,922 [Worker-23: Launching mavenrun-af14209f-facb-4346-855f-943851d3cfa4] INFO  o.eclipse.m2e.core.internal.Bundles - 	Entry: C:\Users\PC\.p2\pool\plugins\org.eclipse.m2e.maven.runtime_3.9.1600.20260522-0510\jars\maven-resolver-connector-basic-1.9.27.jar
2026-08-10 19:32:32,922 [Worker-23: Launching mavenrun-af14209f-facb-4346-855f-943851d3cfa4] INFO  o.eclipse.m2e.core.internal.Bundles - 	Entry: C:\Users\PC\.p2\pool\plugins\org.eclipse.m2e.maven.runtime_3.9.1600.20260522-0510\jars\maven-resolver-impl-1.9.27.jar
2026-08-10 19:32:32,923 [Worker-23: Launching mavenrun-af14209f-facb-4346-855f-943851d3cfa4] INFO  o.eclipse.m2e.core.internal.Bundles - 	Entry: C:\Users\PC\.p2\pool\plugins\org.eclipse.m2e.maven.runtime_3.9.1600.20260522-0510\jars\maven-resolver-named-locks-1.9.27.jar
2026-08-10 19:32:32,923 [Worker-23: Launching mavenrun-af14209f-facb-4346-855f-943851d3cfa4] INFO  o.eclipse.m2e.core.internal.Bundles - 	Entry: C:\Users\PC\.p2\pool\plugins\org.eclipse.m2e.maven.runtime_3.9.1600.20260522-0510\jars\maven-resolver-provider-3.9.16.jar
2026-08-10 19:32:32,923 [Worker-23: Launching mavenrun-af14209f-facb-4346-855f-943851d3cfa4] INFO  o.eclipse.m2e.core.internal.Bundles - 	Entry: C:\Users\PC\.p2\pool\plugins\org.eclipse.m2e.maven.runtime_3.9.1600.20260522-0510\jars\maven-resolver-spi-1.9.27.jar
2026-08-10 19:32:32,923 [Worker-23: Launching mavenrun-af14209f-facb-4346-855f-943851d3cfa4] INFO  o.eclipse.m2e.core.internal.Bundles - 	Entry: C:\Users\PC\.p2\pool\plugins\org.eclipse.m2e.maven.runtime_3.9.1600.20260522-0510\jars\maven-resolver-transport-file-1.9.27.jar
2026-08-10 19:32:32,923 [Worker-23: Launching mavenrun-af14209f-facb-4346-855f-943851d3cfa4] INFO  o.eclipse.m2e.core.internal.Bundles - 	Entry: C:\Users\PC\.p2\pool\plugins\org.eclipse.m2e.maven.runtime_3.9.1600.20260522-0510\jars\maven-resolver-transport-http-1.9.27.jar
2026-08-10 19:32:32,923 [Worker-23: Launching mavenrun-af14209f-facb-4346-855f-943851d3cfa4] INFO  o.eclipse.m2e.core.internal.Bundles - 	Entry: C:\Users\PC\.p2\pool\plugins\org.eclipse.m2e.maven.runtime_3.9.1600.20260522-0510\jars\maven-resolver-transport-wagon-1.9.27.jar
2026-08-10 19:32:32,923 [Worker-23: Launching mavenrun-af14209f-facb-4346-855f-943851d3cfa4] INFO  o.eclipse.m2e.core.internal.Bundles - 	Entry: C:\Users\PC\.p2\pool\plugins\org.eclipse.m2e.maven.runtime_3.9.1600.20260522-0510\jars\maven-resolver-util-1.9.27.jar
2026-08-10 19:32:32,923 [Worker-23: Launching mavenrun-af14209f-facb-4346-855f-943851d3cfa4] INFO  o.eclipse.m2e.core.internal.Bundles - 	Entry: C:\Users\PC\.p2\pool\plugins\org.eclipse.m2e.maven.runtime_3.9.1600.20260522-0510\jars\maven-settings-3.9.16.jar
2026-08-10 19:32:32,925 [Worker-23: Launching mavenrun-af14209f-facb-4346-855f-943851d3cfa4] INFO  o.eclipse.m2e.core.internal.Bundles - 	Entry: C:\Users\PC\.p2\pool\plugins\org.eclipse.m2e.maven.runtime_3.9.1600.20260522-0510\jars\maven-settings-builder-3.9.16.jar
2026-08-10 19:32:32,925 [Worker-23: Launching mavenrun-af14209f-facb-4346-855f-943851d3cfa4] INFO  o.eclipse.m2e.core.internal.Bundles - 	Entry: C:\Users\PC\.p2\pool\plugins\org.eclipse.m2e.maven.runtime_3.9.1600.20260522-0510\jars\maven-shared-utils-3.4.2.jar
2026-08-10 19:32:32,925 [Worker-23: Launching mavenrun-af14209f-facb-4346-855f-943851d3cfa4] INFO  o.eclipse.m2e.core.internal.Bundles - 	Entry: C:\Users\PC\.p2\pool\plugins\org.eclipse.m2e.maven.runtime_3.9.1600.20260522-0510\jars\org.eclipse.sisu.inject-1.0.0.jar
2026-08-10 19:32:32,926 [Worker-23: Launching mavenrun-af14209f-facb-4346-855f-943851d3cfa4] INFO  o.eclipse.m2e.core.internal.Bundles - 	Entry: C:\Users\PC\.p2\pool\plugins\org.eclipse.m2e.maven.runtime_3.9.1600.20260522-0510\jars\org.eclipse.sisu.plexus-1.0.0.jar
2026-08-10 19:32:32,926 [Worker-23: Launching mavenrun-af14209f-facb-4346-855f-943851d3cfa4] INFO  o.eclipse.m2e.core.internal.Bundles - 	Entry: C:\Users\PC\.p2\pool\plugins\org.eclipse.m2e.maven.runtime_3.9.1600.20260522-0510\jars\plexus-build-api-0.0.7.jar
2026-08-10 19:32:32,926 [Worker-23: Launching mavenrun-af14209f-facb-4346-855f-943851d3cfa4] INFO  o.eclipse.m2e.core.internal.Bundles - 	Entry: C:\Users\PC\.p2\pool\plugins\org.eclipse.m2e.maven.runtime_3.9.1600.20260522-0510\jars\plexus-build-api-1.2.0.jar
2026-08-10 19:32:32,926 [Worker-23: Launching mavenrun-af14209f-facb-4346-855f-943851d3cfa4] INFO  o.eclipse.m2e.core.internal.Bundles - 	Entry: C:\Users\PC\.p2\pool\plugins\org.eclipse.m2e.maven.runtime_3.9.1600.20260522-0510\jars\plexus-cipher-2.0.jar
2026-08-10 19:32:32,926 [Worker-23: Launching mavenrun-af14209f-facb-4346-855f-943851d3cfa4] INFO  o.eclipse.m2e.core.internal.Bundles - 	Entry: C:\Users\PC\.p2\pool\plugins\org.eclipse.m2e.maven.runtime_3.9.1600.20260522-0510\jars\plexus-classworlds-2.11.0.jar
2026-08-10 19:32:32,927 [Worker-23: Launching mavenrun-af14209f-facb-4346-855f-943851d3cfa4] INFO  o.eclipse.m2e.core.internal.Bundles - 	Entry: C:\Users\PC\.p2\pool\plugins\org.eclipse.m2e.maven.runtime_3.9.1600.20260522-0510\jars\plexus-component-annotations-2.2.0.jar
2026-08-10 19:32:32,927 [Worker-23: Launching mavenrun-af14209f-facb-4346-855f-943851d3cfa4] INFO  o.eclipse.m2e.core.internal.Bundles - 	Entry: C:\Users\PC\.p2\pool\plugins\org.eclipse.m2e.maven.runtime_3.9.1600.20260522-0510\jars\plexus-interpolation-1.29.jar
2026-08-10 19:32:32,927 [Worker-23: Launching mavenrun-af14209f-facb-4346-855f-943851d3cfa4] INFO  o.eclipse.m2e.core.internal.Bundles - 	Entry: C:\Users\PC\.p2\pool\plugins\org.eclipse.m2e.maven.runtime_3.9.1600.20260522-0510\jars\plexus-sec-dispatcher-2.0.jar
2026-08-10 19:32:32,927 [Worker-23: Launching mavenrun-af14209f-facb-4346-855f-943851d3cfa4] INFO  o.eclipse.m2e.core.internal.Bundles - 	Entry: C:\Users\PC\.p2\pool\plugins\org.eclipse.m2e.maven.runtime_3.9.1600.20260522-0510\jars\plexus-utils-3.6.1.jar
2026-08-10 19:32:32,927 [Worker-23: Launching mavenrun-af14209f-facb-4346-855f-943851d3cfa4] INFO  o.eclipse.m2e.core.internal.Bundles - 	Entry: C:\Users\PC\.p2\pool\plugins\org.eclipse.m2e.maven.runtime_3.9.1600.20260522-0510\jars\wagon-file-3.5.3.jar
2026-08-10 19:32:32,927 [Worker-23: Launching mavenrun-af14209f-facb-4346-855f-943851d3cfa4] INFO  o.eclipse.m2e.core.internal.Bundles - 	Entry: C:\Users\PC\.p2\pool\plugins\org.eclipse.m2e.maven.runtime_3.9.1600.20260522-0510\jars\wagon-http-3.5.3.jar
2026-08-10 19:32:32,927 [Worker-23: Launching mavenrun-af14209f-facb-4346-855f-943851d3cfa4] INFO  o.eclipse.m2e.core.internal.Bundles - 	Entry: C:\Users\PC\.p2\pool\plugins\org.eclipse.m2e.maven.runtime_3.9.1600.20260522-0510\jars\wagon-http-shared-3.5.3.jar
2026-08-10 19:32:32,927 [Worker-23: Launching mavenrun-af14209f-facb-4346-855f-943851d3cfa4] INFO  o.eclipse.m2e.core.internal.Bundles - 	Entry: C:\Users\PC\.p2\pool\plugins\org.eclipse.m2e.maven.runtime_3.9.1600.20260522-0510\jars\wagon-provider-api-3.5.3.jar
2026-08-10 19:32:32,928 [Worker-23: Launching mavenrun-af14209f-facb-4346-855f-943851d3cfa4] INFO  o.eclipse.m2e.core.internal.Bundles - getClasspathEntries(Bundle=com.google.guava_33.6.0.jre [13])
2026-08-10 19:32:32,928 [Worker-23: Launching mavenrun-af14209f-facb-4346-855f-943851d3cfa4] INFO  o.eclipse.m2e.core.internal.Bundles - 	Entry: C:\Users\PC\.p2\pool\plugins\com.google.guava_33.6.0.jre.jar
2026-08-10 19:32:32,928 [Worker-23: Launching mavenrun-af14209f-facb-4346-855f-943851d3cfa4] INFO  o.eclipse.m2e.core.internal.Bundles - getClasspathEntries(Bundle=slf4j.api_2.0.18 [530])
2026-08-10 19:32:32,928 [Worker-23: Launching mavenrun-af14209f-facb-4346-855f-943851d3cfa4] INFO  o.eclipse.m2e.core.internal.Bundles - 	Entry: C:\Users\PC\.p2\pool\plugins\slf4j.api_2.0.18.jar
2026-08-10 19:32:32,928 [Worker-23: Launching mavenrun-af14209f-facb-4346-855f-943851d3cfa4] INFO  o.eclipse.m2e.core.internal.Bundles - getClasspathEntries(Bundle=jakarta.inject.jakarta.inject-api_1.0.5 [24])
2026-08-10 19:32:32,929 [Worker-23: Launching mavenrun-af14209f-facb-4346-855f-943851d3cfa4] INFO  o.eclipse.m2e.core.internal.Bundles - 	Entry: C:\Users\PC\.p2\pool\plugins\jakarta.inject.jakarta.inject-api_1.0.5.jar
2026-08-10 19:32:32,929 [Worker-23: Launching mavenrun-af14209f-facb-4346-855f-943851d3cfa4] INFO  o.eclipse.m2e.core.internal.Bundles - getClasspathEntries(Bundle=jakarta.annotation-api_1.3.5 [22])
2026-08-10 19:32:32,929 [Worker-23: Launching mavenrun-af14209f-facb-4346-855f-943851d3cfa4] INFO  o.eclipse.m2e.core.internal.Bundles - 	Entry: C:\Users\PC\.p2\pool\plugins\jakarta.annotation-api_1.3.5.jar
2026-08-10 19:32:32,929 [Worker-23: Launching mavenrun-af14209f-facb-4346-855f-943851d3cfa4] INFO  o.eclipse.m2e.core.internal.Bundles - getClasspathEntries(Bundle=org.apache.commons.cli_1.11.0 [55])
2026-08-10 19:32:32,929 [Worker-23: Launching mavenrun-af14209f-facb-4346-855f-943851d3cfa4] INFO  o.eclipse.m2e.core.internal.Bundles - 	Entry: C:\Users\PC\.p2\pool\plugins\org.apache.commons.cli_1.11.0.jar
2026-08-10 19:32:32,930 [Worker-23: Launching mavenrun-af14209f-facb-4346-855f-943851d3cfa4] INFO  o.eclipse.m2e.core.internal.Bundles - getClasspathEntries(Bundle=org.apache.commons.commons-codec_1.22.0 [56])
2026-08-10 19:32:32,930 [Worker-23: Launching mavenrun-af14209f-facb-4346-855f-943851d3cfa4] INFO  o.eclipse.m2e.core.internal.Bundles - 	Entry: C:\Users\PC\.p2\pool\plugins\org.apache.commons.commons-codec_1.22.0.jar
2026-08-10 19:32:32,930 [Worker-23: Launching mavenrun-af14209f-facb-4346-855f-943851d3cfa4] INFO  o.eclipse.m2e.core.internal.Bundles - getClasspathEntries(Bundle=com.google.guava.failureaccess_1.0.3 [14])
2026-08-10 19:32:32,930 [Worker-23: Launching mavenrun-af14209f-facb-4346-855f-943851d3cfa4] INFO  o.eclipse.m2e.core.internal.Bundles - 	Entry: C:\Users\PC\.p2\pool\plugins\com.google.guava.failureaccess_1.0.3.jar
2026-08-10 19:32:32,932 [Worker-23: Launching mavenrun-af14209f-facb-4346-855f-943851d3cfa4] INFO  o.e.m.i.launch.MavenLaunchDelegate - Run build in "C:\Users\PC\AppData\Local\Temp\m2e-archetypeGenerator12977938345352433352":
2026-08-10 19:32:32,932 [Worker-23: Launching mavenrun-af14209f-facb-4346-855f-943851d3cfa4] INFO  o.e.m.i.launch.MavenLaunchDelegate -  mvn  -DjavaCompilerVersion=17 -DjunitVersion=5.11.0 -DarchetypeGroupId=org.apache.maven.archetypes -DarchetypeArtifactId=maven-archetype-quickstart -DarchetypeVersion=1.5 -DgroupId=com.example -DartifactId=lab6_2 -Dversion=0.0.1-SNAPSHOT -Dpackage=com.example.lab6_2 -DoutputDirectory=G:\SQA_lab6 -Dstyle.color=always -U archetype:generate
2026-08-10 19:32:38,759 [Worker-1: Creating maven-archetype-quickstart] INFO  o.e.m.c.i.p.ProjectConfigurationManager - Collecting project info '/pom.xml' G:\SQA_lab6\lab6_2\pom.xml
2026-08-10 19:32:38,861 [Worker-1: Creating maven-archetype-quickstart] INFO  o.e.m.c.i.l.LifecycleMappingFactory - Using org.eclipse.m2e.jdt.JarLifecycleMapping lifecycle mapping for MavenProject: com.example:lab6_2:0.0.1-SNAPSHOT @ G:\SQA_lab6\lab6_2\pom.xml.
2026-08-10 19:32:39,007 [Worker-1: Creating maven-archetype-quickstart] INFO  o.e.m.j.i.AbstractJavaProjectConfigurator - Adding source folder /lab6_2/src/main/java
2026-08-10 19:32:39,008 [Worker-1: Creating maven-archetype-quickstart] INFO  o.e.m.j.i.AbstractJavaProjectConfigurator - Adding resource folder /lab6_2/src/main/resources
2026-08-10 19:32:39,012 [Worker-1: Creating maven-archetype-quickstart] INFO  o.e.m.j.i.AbstractJavaProjectConfigurator - Adding source folder /lab6_2/src/test/java
2026-08-10 19:32:39,013 [Worker-1: Creating maven-archetype-quickstart] INFO  o.e.m.j.i.AbstractJavaProjectConfigurator - Adding resource folder /lab6_2/src/test/resources
2026-08-10 19:32:39,062 [Worker-1: Creating maven-archetype-quickstart] WARN  o.apache.maven.project.MavenProject - Plugin is modifying compileSourceRoots through clear(), which will not work in Maven 4.0.0. Use MavenProject.addCompileSourceRoot()/removeCompileSourceRoot() methods instead. If using a plugin, please upgrade to the latest version or report the issue to the plugin maintainer. To disable these warnings, set -Dmaven.project.sourceRoots.warningsDisabled=true on the command line, in the .mvn/maven.config file, or in project POM properties.
2026-08-10 19:32:39,063 [Worker-1: Creating maven-archetype-quickstart] WARN  o.apache.maven.project.MavenProject - Plugin is modifying compileSourceRoots through add(), which will not work in Maven 4.0.0. Use MavenProject.addCompileSourceRoot()/removeCompileSourceRoot() methods instead. If using a plugin, please upgrade to the latest version or report the issue to the plugin maintainer. To disable these warnings, set -Dmaven.project.sourceRoots.warningsDisabled=true on the command line, in the .mvn/maven.config file, or in project POM properties.
2026-08-10 19:32:39,064 [Worker-1: Creating maven-archetype-quickstart] WARN  o.apache.maven.project.MavenProject - Plugin is modifying testCompileSourceRoots through clear(), which will not work in Maven 4.0.0. Use MavenProject.addTestCompileSourceRoot()/removeTestCompileSourceRoot() methods instead. If using a plugin, please upgrade to the latest version or report the issue to the plugin maintainer. To disable these warnings, set -Dmaven.project.sourceRoots.warningsDisabled=true on the command line, in the .mvn/maven.config file, or in project POM properties.
2026-08-10 19:32:39,064 [Worker-1: Creating maven-archetype-quickstart] WARN  o.apache.maven.project.MavenProject - Plugin is modifying testCompileSourceRoots through add(), which will not work in Maven 4.0.0. Use MavenProject.addTestCompileSourceRoot()/removeTestCompileSourceRoot() methods instead. If using a plugin, please upgrade to the latest version or report the issue to the plugin maintainer. To disable these warnings, set -Dmaven.project.sourceRoots.warningsDisabled=true on the command line, in the .mvn/maven.config file, or in project POM properties.
2026-08-10 19:32:39,070 [Worker-1: Creating maven-archetype-quickstart] INFO  o.e.m.c.i.p.ProjectConfigurationManager - Imported and configured 1 project(s) in 0 sec
2026-08-10 19:32:39,342 [Worker-8: Building] INFO  o.a.m.s.f.DefaultMavenResourcesFiltering - skip non existing resourceDirectory G:\SQA_lab6\lab6_2\src\main\resources
2026-08-10 19:32:39,347 [Worker-8: Building] INFO  o.a.m.s.f.DefaultMavenResourcesFiltering - skip non existing resourceDirectory G:\SQA_lab6\lab6_2\src\test\resources
2026-08-10 19:32:39,374 [Worker-8: Building] WARN  o.apache.maven.project.MavenProject - Plugin is modifying compileSourceRoots through clear(), which will not work in Maven 4.0.0. Use MavenProject.addCompileSourceRoot()/removeCompileSourceRoot() methods instead. If using a plugin, please upgrade to the latest version or report the issue to the plugin maintainer. To disable these warnings, set -Dmaven.project.sourceRoots.warningsDisabled=true on the command line, in the .mvn/maven.config file, or in project POM properties.
2026-08-10 19:32:39,374 [Worker-8: Building] WARN  o.apache.maven.project.MavenProject - Plugin is modifying compileSourceRoots through add(), which will not work in Maven 4.0.0. Use MavenProject.addCompileSourceRoot()/removeCompileSourceRoot() methods instead. If using a plugin, please upgrade to the latest version or report the issue to the plugin maintainer. To disable these warnings, set -Dmaven.project.sourceRoots.warningsDisabled=true on the command line, in the .mvn/maven.config file, or in project POM properties.
2026-08-10 19:32:39,375 [Worker-8: Building] WARN  o.apache.maven.project.MavenProject - Plugin is modifying testCompileSourceRoots through clear(), which will not work in Maven 4.0.0. Use MavenProject.addTestCompileSourceRoot()/removeTestCompileSourceRoot() methods instead. If using a plugin, please upgrade to the latest version or report the issue to the plugin maintainer. To disable these warnings, set -Dmaven.project.sourceRoots.warningsDisabled=true on the command line, in the .mvn/maven.config file, or in project POM properties.
2026-08-10 19:32:39,376 [Worker-8: Building] WARN  o.apache.maven.project.MavenProject - Plugin is modifying testCompileSourceRoots through add(), which will not work in Maven 4.0.0. Use MavenProject.addTestCompileSourceRoot()/removeTestCompileSourceRoot() methods instead. If using a plugin, please upgrade to the latest version or report the issue to the plugin maintainer. To disable these warnings, set -Dmaven.project.sourceRoots.warningsDisabled=true on the command line, in the .mvn/maven.config file, or in project POM properties.
2026-08-10 19:34:39,070 [Worker-23: Building] INFO  o.a.m.s.f.DefaultMavenResourcesFiltering - skip non existing resourceDirectory G:\SQA_lab6\lab6_1\src\main\resources
2026-08-10 19:34:39,073 [Worker-23: Building] INFO  o.a.m.s.f.DefaultMavenResourcesFiltering - skip non existing resourceDirectory G:\SQA_lab6\lab6_1\src\test\resources
2026-08-10 19:34:39,082 [Worker-23: Building] WARN  o.apache.maven.project.MavenProject - Plugin is modifying compileSourceRoots through clear(), which will not work in Maven 4.0.0. Use MavenProject.addCompileSourceRoot()/removeCompileSourceRoot() methods instead. If using a plugin, please upgrade to the latest version or report the issue to the plugin maintainer. To disable these warnings, set -Dmaven.project.sourceRoots.warningsDisabled=true on the command line, in the .mvn/maven.config file, or in project POM properties.
2026-08-10 19:34:39,083 [Worker-23: Building] WARN  o.apache.maven.project.MavenProject - Plugin is modifying compileSourceRoots through add(), which will not work in Maven 4.0.0. Use MavenProject.addCompileSourceRoot()/removeCompileSourceRoot() methods instead. If using a plugin, please upgrade to the latest version or report the issue to the plugin maintainer. To disable these warnings, set -Dmaven.project.sourceRoots.warningsDisabled=true on the command line, in the .mvn/maven.config file, or in project POM properties.
2026-08-10 19:34:39,084 [Worker-23: Building] WARN  o.apache.maven.project.MavenProject - Plugin is modifying testCompileSourceRoots through clear(), which will not work in Maven 4.0.0. Use MavenProject.addTestCompileSourceRoot()/removeTestCompileSourceRoot() methods instead. If using a plugin, please upgrade to the latest version or report the issue to the plugin maintainer. To disable these warnings, set -Dmaven.project.sourceRoots.warningsDisabled=true on the command line, in the .mvn/maven.config file, or in project POM properties.
2026-08-10 19:34:39,084 [Worker-23: Building] WARN  o.apache.maven.project.MavenProject - Plugin is modifying testCompileSourceRoots through add(), which will not work in Maven 4.0.0. Use MavenProject.addTestCompileSourceRoot()/removeTestCompileSourceRoot() methods instead. If using a plugin, please upgrade to the latest version or report the issue to the plugin maintainer. To disable these warnings, set -Dmaven.project.sourceRoots.warningsDisabled=true on the command line, in the .mvn/maven.config file, or in project POM properties.
2026-08-10 19:35:42,655 [Worker-24: Building] INFO  o.a.m.s.f.DefaultMavenResourcesFiltering - skip non existing resourceDirectory G:\SQA_lab6\lab6_2\src\main\resources
2026-08-10 19:35:42,658 [Worker-24: Building] INFO  o.a.m.s.f.DefaultMavenResourcesFiltering - skip non existing resourceDirectory G:\SQA_lab6\lab6_2\src\test\resources
2026-08-10 19:35:42,668 [Worker-24: Building] WARN  o.apache.maven.project.MavenProject - Plugin is modifying compileSourceRoots through clear(), which will not work in Maven 4.0.0. Use MavenProject.addCompileSourceRoot()/removeCompileSourceRoot() methods instead. If using a plugin, please upgrade to the latest version or report the issue to the plugin maintainer. To disable these warnings, set -Dmaven.project.sourceRoots.warningsDisabled=true on the command line, in the .mvn/maven.config file, or in project POM properties.
2026-08-10 19:35:42,669 [Worker-24: Building] WARN  o.apache.maven.project.MavenProject - Plugin is modifying compileSourceRoots through add(), which will not work in Maven 4.0.0. Use MavenProject.addCompileSourceRoot()/removeCompileSourceRoot() methods instead. If using a plugin, please upgrade to the latest version or report the issue to the plugin maintainer. To disable these warnings, set -Dmaven.project.sourceRoots.warningsDisabled=true on the command line, in the .mvn/maven.config file, or in project POM properties.
2026-08-10 19:35:42,669 [Worker-24: Building] WARN  o.apache.maven.project.MavenProject - Plugin is modifying testCompileSourceRoots through clear(), which will not work in Maven 4.0.0. Use MavenProject.addTestCompileSourceRoot()/removeTestCompileSourceRoot() methods instead. If using a plugin, please upgrade to the latest version or report the issue to the plugin maintainer. To disable these warnings, set -Dmaven.project.sourceRoots.warningsDisabled=true on the command line, in the .mvn/maven.config file, or in project POM properties.
2026-08-10 19:35:42,670 [Worker-24: Building] WARN  o.apache.maven.project.MavenProject - Plugin is modifying testCompileSourceRoots through add(), which will not work in Maven 4.0.0. Use MavenProject.addTestCompileSourceRoot()/removeTestCompileSourceRoot() methods instead. If using a plugin, please upgrade to the latest version or report the issue to the plugin maintainer. To disable these warnings, set -Dmaven.project.sourceRoots.warningsDisabled=true on the command line, in the .mvn/maven.config file, or in project POM properties.
2026-08-10 19:38:07,182 [main] INFO  o.e.m.jdt.internal.UnitTestSupport - Updating AppTest from maven configuration
2026-08-10 19:38:10,338 [Worker-1: Launching AppTest] INFO  o.a.m.s.f.DefaultMavenResourcesFiltering - skip non existing resourceDirectory G:\SQA_lab6\lab6_1\src\main\resources
2026-08-10 19:38:10,340 [Worker-1: Launching AppTest] INFO  o.a.m.s.f.DefaultMavenResourcesFiltering - skip non existing resourceDirectory G:\SQA_lab6\lab6_1\src\test\resources
2026-08-10 19:38:10,341 [Worker-1: Launching AppTest] WARN  o.apache.maven.project.MavenProject - Plugin is modifying compileSourceRoots through clear(), which will not work in Maven 4.0.0. Use MavenProject.addCompileSourceRoot()/removeCompileSourceRoot() methods instead. If using a plugin, please upgrade to the latest version or report the issue to the plugin maintainer. To disable these warnings, set -Dmaven.project.sourceRoots.warningsDisabled=true on the command line, in the .mvn/maven.config file, or in project POM properties.
2026-08-10 19:38:10,341 [Worker-1: Launching AppTest] WARN  o.apache.maven.project.MavenProject - Plugin is modifying compileSourceRoots through add(), which will not work in Maven 4.0.0. Use MavenProject.addCompileSourceRoot()/removeCompileSourceRoot() methods instead. If using a plugin, please upgrade to the latest version or report the issue to the plugin maintainer. To disable these warnings, set -Dmaven.project.sourceRoots.warningsDisabled=true on the command line, in the .mvn/maven.config file, or in project POM properties.
2026-08-10 19:38:10,341 [Worker-1: Launching AppTest] WARN  o.apache.maven.project.MavenProject - Plugin is modifying testCompileSourceRoots through clear(), which will not work in Maven 4.0.0. Use MavenProject.addTestCompileSourceRoot()/removeTestCompileSourceRoot() methods instead. If using a plugin, please upgrade to the latest version or report the issue to the plugin maintainer. To disable these warnings, set -Dmaven.project.sourceRoots.warningsDisabled=true on the command line, in the .mvn/maven.config file, or in project POM properties.
2026-08-10 19:38:10,343 [Worker-1: Launching AppTest] WARN  o.apache.maven.project.MavenProject - Plugin is modifying testCompileSourceRoots through add(), which will not work in Maven 4.0.0. Use MavenProject.addTestCompileSourceRoot()/removeTestCompileSourceRoot() methods instead. If using a plugin, please upgrade to the latest version or report the issue to the plugin maintainer. To disable these warnings, set -Dmaven.project.sourceRoots.warningsDisabled=true on the command line, in the .mvn/maven.config file, or in project POM properties.
2026-08-10 19:39:55,403 [ModalContext] INFO  o.e.m.jdt.internal.UnitTestSupport - Updating QuadraticEquationTest from maven configuration
2026-08-10 19:39:55,565 [Worker-26: Building] INFO  o.a.m.s.f.DefaultMavenResourcesFiltering - skip non existing resourceDirectory G:\SQA_lab6\lab6_1\src\main\resources
2026-08-10 19:39:55,567 [Worker-26: Building] INFO  o.a.m.s.f.DefaultMavenResourcesFiltering - skip non existing resourceDirectory G:\SQA_lab6\lab6_1\src\test\resources
2026-08-10 19:39:55,579 [Worker-26: Building] WARN  o.apache.maven.project.MavenProject - Plugin is modifying compileSourceRoots through clear(), which will not work in Maven 4.0.0. Use MavenProject.addCompileSourceRoot()/removeCompileSourceRoot() methods instead. If using a plugin, please upgrade to the latest version or report the issue to the plugin maintainer. To disable these warnings, set -Dmaven.project.sourceRoots.warningsDisabled=true on the command line, in the .mvn/maven.config file, or in project POM properties.
2026-08-10 19:39:55,580 [Worker-26: Building] WARN  o.apache.maven.project.MavenProject - Plugin is modifying compileSourceRoots through add(), which will not work in Maven 4.0.0. Use MavenProject.addCompileSourceRoot()/removeCompileSourceRoot() methods instead. If using a plugin, please upgrade to the latest version or report the issue to the plugin maintainer. To disable these warnings, set -Dmaven.project.sourceRoots.warningsDisabled=true on the command line, in the .mvn/maven.config file, or in project POM properties.
2026-08-10 19:39:55,581 [Worker-26: Building] WARN  o.apache.maven.project.MavenProject - Plugin is modifying testCompileSourceRoots through clear(), which will not work in Maven 4.0.0. Use MavenProject.addTestCompileSourceRoot()/removeTestCompileSourceRoot() methods instead. If using a plugin, please upgrade to the latest version or report the issue to the plugin maintainer. To disable these warnings, set -Dmaven.project.sourceRoots.warningsDisabled=true on the command line, in the .mvn/maven.config file, or in project POM properties.
2026-08-10 19:39:55,581 [Worker-26: Building] WARN  o.apache.maven.project.MavenProject - Plugin is modifying testCompileSourceRoots through add(), which will not work in Maven 4.0.0. Use MavenProject.addTestCompileSourceRoot()/removeTestCompileSourceRoot() methods instead. If using a plugin, please upgrade to the latest version or report the issue to the plugin maintainer. To disable these warnings, set -Dmaven.project.sourceRoots.warningsDisabled=true on the command line, in the .mvn/maven.config file, or in project POM properties.
2026-08-10 19:40:36,578 [Worker-24: Building] INFO  o.a.m.s.f.DefaultMavenResourcesFiltering - skip non existing resourceDirectory G:\SQA_lab6\lab6_2\src\main\resources
2026-08-10 19:40:36,581 [Worker-24: Building] INFO  o.a.m.s.f.DefaultMavenResourcesFiltering - skip non existing resourceDirectory G:\SQA_lab6\lab6_2\src\test\resources
2026-08-10 19:40:36,593 [Worker-24: Building] WARN  o.apache.maven.project.MavenProject - Plugin is modifying compileSourceRoots through clear(), which will not work in Maven 4.0.0. Use MavenProject.addCompileSourceRoot()/removeCompileSourceRoot() methods instead. If using a plugin, please upgrade to the latest version or report the issue to the plugin maintainer. To disable these warnings, set -Dmaven.project.sourceRoots.warningsDisabled=true on the command line, in the .mvn/maven.config file, or in project POM properties.
2026-08-10 19:40:36,593 [Worker-24: Building] WARN  o.apache.maven.project.MavenProject - Plugin is modifying compileSourceRoots through add(), which will not work in Maven 4.0.0. Use MavenProject.addCompileSourceRoot()/removeCompileSourceRoot() methods instead. If using a plugin, please upgrade to the latest version or report the issue to the plugin maintainer. To disable these warnings, set -Dmaven.project.sourceRoots.warningsDisabled=true on the command line, in the .mvn/maven.config file, or in project POM properties.
2026-08-10 19:40:36,594 [Worker-24: Building] WARN  o.apache.maven.project.MavenProject - Plugin is modifying testCompileSourceRoots through clear(), which will not work in Maven 4.0.0. Use MavenProject.addTestCompileSourceRoot()/removeTestCompileSourceRoot() methods instead. If using a plugin, please upgrade to the latest version or report the issue to the plugin maintainer. To disable these warnings, set -Dmaven.project.sourceRoots.warningsDisabled=true on the command line, in the .mvn/maven.config file, or in project POM properties.
2026-08-10 19:40:36,597 [Worker-24: Building] WARN  o.apache.maven.project.MavenProject - Plugin is modifying testCompileSourceRoots through add(), which will not work in Maven 4.0.0. Use MavenProject.addTestCompileSourceRoot()/removeTestCompileSourceRoot() methods instead. If using a plugin, please upgrade to the latest version or report the issue to the plugin maintainer. To disable these warnings, set -Dmaven.project.sourceRoots.warningsDisabled=true on the command line, in the .mvn/maven.config file, or in project POM properties.
2026-08-10 19:42:29,462 [Worker-6: Launching QuadraticEquationTest] INFO  o.a.m.s.f.DefaultMavenResourcesFiltering - skip non existing resourceDirectory G:\SQA_lab6\lab6_1\src\main\resources
2026-08-10 19:42:29,464 [Worker-6: Launching QuadraticEquationTest] INFO  o.a.m.s.f.DefaultMavenResourcesFiltering - skip non existing resourceDirectory G:\SQA_lab6\lab6_1\src\test\resources
2026-08-10 19:42:29,465 [Worker-6: Launching QuadraticEquationTest] WARN  o.apache.maven.project.MavenProject - Plugin is modifying compileSourceRoots through clear(), which will not work in Maven 4.0.0. Use MavenProject.addCompileSourceRoot()/removeCompileSourceRoot() methods instead. If using a plugin, please upgrade to the latest version or report the issue to the plugin maintainer. To disable these warnings, set -Dmaven.project.sourceRoots.warningsDisabled=true on the command line, in the .mvn/maven.config file, or in project POM properties.
2026-08-10 19:42:29,466 [Worker-6: Launching QuadraticEquationTest] WARN  o.apache.maven.project.MavenProject - Plugin is modifying compileSourceRoots through add(), which will not work in Maven 4.0.0. Use MavenProject.addCompileSourceRoot()/removeCompileSourceRoot() methods instead. If using a plugin, please upgrade to the latest version or report the issue to the plugin maintainer. To disable these warnings, set -Dmaven.project.sourceRoots.warningsDisabled=true on the command line, in the .mvn/maven.config file, or in project POM properties.
2026-08-10 19:42:29,467 [Worker-6: Launching QuadraticEquationTest] WARN  o.apache.maven.project.MavenProject - Plugin is modifying testCompileSourceRoots through clear(), which will not work in Maven 4.0.0. Use MavenProject.addTestCompileSourceRoot()/removeTestCompileSourceRoot() methods instead. If using a plugin, please upgrade to the latest version or report the issue to the plugin maintainer. To disable these warnings, set -Dmaven.project.sourceRoots.warningsDisabled=true on the command line, in the .mvn/maven.config file, or in project POM properties.
2026-08-10 19:42:29,470 [Worker-6: Launching QuadraticEquationTest] WARN  o.apache.maven.project.MavenProject - Plugin is modifying testCompileSourceRoots through add(), which will not work in Maven 4.0.0. Use MavenProject.addTestCompileSourceRoot()/removeTestCompileSourceRoot() methods instead. If using a plugin, please upgrade to the latest version or report the issue to the plugin maintainer. To disable these warnings, set -Dmaven.project.sourceRoots.warningsDisabled=true on the command line, in the .mvn/maven.config file, or in project POM properties.
2026-08-10 19:42:41,117 [main] INFO  o.e.m.jdt.internal.UnitTestSupport - Updating QuadraticEquationExtendedEntryTest from maven configuration
2026-08-10 19:42:43,040 [Worker-6: Launching QuadraticEquationExtendedEntryTest] INFO  o.a.m.s.f.DefaultMavenResourcesFiltering - skip non existing resourceDirectory G:\SQA_lab6\lab6_2\src\main\resources
2026-08-10 19:42:43,042 [Worker-6: Launching QuadraticEquationExtendedEntryTest] INFO  o.a.m.s.f.DefaultMavenResourcesFiltering - skip non existing resourceDirectory G:\SQA_lab6\lab6_2\src\test\resources
2026-08-10 19:42:43,042 [Worker-6: Launching QuadraticEquationExtendedEntryTest] WARN  o.apache.maven.project.MavenProject - Plugin is modifying compileSourceRoots through clear(), which will not work in Maven 4.0.0. Use MavenProject.addCompileSourceRoot()/removeCompileSourceRoot() methods instead. If using a plugin, please upgrade to the latest version or report the issue to the plugin maintainer. To disable these warnings, set -Dmaven.project.sourceRoots.warningsDisabled=true on the command line, in the .mvn/maven.config file, or in project POM properties.
2026-08-10 19:42:43,043 [Worker-6: Launching QuadraticEquationExtendedEntryTest] WARN  o.apache.maven.project.MavenProject - Plugin is modifying compileSourceRoots through add(), which will not work in Maven 4.0.0. Use MavenProject.addCompileSourceRoot()/removeCompileSourceRoot() methods instead. If using a plugin, please upgrade to the latest version or report the issue to the plugin maintainer. To disable these warnings, set -Dmaven.project.sourceRoots.warningsDisabled=true on the command line, in the .mvn/maven.config file, or in project POM properties.
2026-08-10 19:42:43,043 [Worker-6: Launching QuadraticEquationExtendedEntryTest] WARN  o.apache.maven.project.MavenProject - Plugin is modifying testCompileSourceRoots through clear(), which will not work in Maven 4.0.0. Use MavenProject.addTestCompileSourceRoot()/removeTestCompileSourceRoot() methods instead. If using a plugin, please upgrade to the latest version or report the issue to the plugin maintainer. To disable these warnings, set -Dmaven.project.sourceRoots.warningsDisabled=true on the command line, in the .mvn/maven.config file, or in project POM properties.
2026-08-10 19:42:43,046 [Worker-6: Launching QuadraticEquationExtendedEntryTest] WARN  o.apache.maven.project.MavenProject - Plugin is modifying testCompileSourceRoots through add(), which will not work in Maven 4.0.0. Use MavenProject.addTestCompileSourceRoot()/removeTestCompileSourceRoot() methods instead. If using a plugin, please upgrade to the latest version or report the issue to the plugin maintainer. To disable these warnings, set -Dmaven.project.sourceRoots.warningsDisabled=true on the command line, in the .mvn/maven.config file, or in project POM properties.
